120.211.61.218 ix.cs.uoregon.edu - [02/May/2020:06:54:34 -0700] "GET /~jiao/js/ie-emulation-modes-warning.js HTTP/1.1" 200 1042 "https://ix.cs.uoregon.edu/~jiao/" "Mozilla/5.0 (Macintosh; Intel Mac OS X 10_15) AppleWebKit/605.1.15 (KHTML, like Gecko) Version/13.0.5 Safari/605.1.15" 48pct
120.211.61.218 ix.cs.uoregon.edu - [02/May/2020:06:54:35 -0700] "GET /~jiao/css/bootstrap.min.css HTTP/1.1" 200 19744 "https://ix.cs.uoregon.edu/~jiao/" "Mozilla/5.0 (Macintosh; Intel Mac OS X 10_15) AppleWebKit/605.1.15 (KHTML, like Gecko) Version/13.0.5 Safari/605.1.15" 16pct
120.211.61.218 ix.cs.uoregon.edu - [02/May/2020:06:54:35 -0700] "GET /~jiao/js/bootstrap.min.js HTTP/1.1" 200 9833 "https://ix.cs.uoregon.edu/~jiao/" "Mozilla/5.0 (Macintosh; Intel Mac OS X 10_15) AppleWebKit/605.1.15 (KHTML, like Gecko) Version/13.0.5 Safari/605.1.15" 26pct
120.211.61.218 ix.cs.uoregon.edu - [02/May/2020:06:54:37 -0700] "GET /~jiao/js/ie10-viewport-bug-workaround.js HTTP/1.1" 404 1117 "https://ix.cs.uoregon.edu/~jiao/" "Mozilla/5.0 (Macintosh; Intel Mac OS X 10_15) AppleWebKit/605.1.15 (KHTML, like Gecko) Version/13.0.5 Safari/605.1.15" -pct
120.211.61.218 ix.cs.uoregon.edu - [02/May/2020:06:55:52 -0700] "GET /~jiao/js/jquery.min.js HTTP/1.1" 200 33760 "https://ix.cs.uoregon.edu/~jiao/" "Mozilla/5.0 (Macintosh; Intel Mac OS X 10_15) AppleWebKit/605.1.15 (KHTML, like Gecko) Version/13.0.5 Safari/605.1.15" 34pct
185.207.177.235 ix.cs.uoregon.edu - [02/May/2020:06:56:36 -0700] "GET /~norris/cis330/index.cgi?n=PmWiki.WikiStyleExamples HTTP/1.0" 200 4731 "https://ix.cs.uoregon.edu/" "Mozilla/5.0 (Windows NT 6.3) AppleWebKit/537.36 (KHTML, like Gecko) Chrome/66.0.3359.181 Safari/537.36" 24pct
185.207.177.235 ix.cs.uoregon.edu - [02/May/2020:06:56:37 -0700] "GET /~norris/cis330/index.cgi1588MellisaMcPhillamy43random-1-9%3%?action=edit HTTP/1.1" 400 310 "https://ix.cs.uoregon.edu/" "Mozilla/5.0 (Windows NT 6.3) AppleWebKit/537.36 (KHTML, like Gecko) Chrome/66.0.3359.181 Safari/537.36" -pct
120.211.61.218 ix.cs.uoregon.edu - [02/May/2020:06:56:52 -0700] "GET /~dou/ HTTP/1.1" 200 2846 "-" "Mozilla/5.0 (Macintosh; Intel Mac OS X 10_15) AppleWebKit/605.1.15 (KHTML, like Gecko) Version/13.0.5 Safari/605.1.15" 37pct
120.211.61.218 ix.cs.uoregon.edu - [02/May/2020:06:56:55 -0700] "GET /~dou/photo2018.jpg HTTP/1.1" 200 9138266 "https://ix.cs.uoregon.edu/~dou/" "Mozilla/5.0 (Macintosh; Intel Mac OS X 10_15) AppleWebKit/605.1.15 (KHTML, like Gecko) Version/13.0.5 Safari/605.1.15" -pct
120.211.61.218 ix.cs.uoregon.edu - [02/May/2020:06:54:07 -0700] "GET /~dou/photo2018.jpg HTTP/1.1" 200 9138266 "https://ix.cs.uoregon.edu/~dou/" "Mozilla/5.0 (Macintosh; Intel Mac OS X 10_15) AppleWebKit/605.1.15 (KHTML, like Gecko) Version/13.0.5 Safari/605.1.15" -pct
107.158.85.74 ix.cs.uoregon.edu - [02/May/2020:07:05:15 -0700] "GET /~norris/cis330/index.cgi?n=PmWiki.TextFormattingRules HTTP/1.0" 200 8072 "https://ix.cs.uoregon.edu/" "Mozilla/5.0 (Windows NT 6.2; WOW64) AppleWebKit/537.36 (KHTML, like Gecko) Chrome/65.0.3325.181 Safari/537.36" 26pct
185.207.177.180 ix.cs.uoregon.edu - [02/May/2020:07:05:50 -0700] "GET /~norris/cis330/index.cgi?n=PmWiki.ReleaseNotes HTTP/1.0" 200 33868 "https://ix.cs.uoregon.edu/" "Mozilla/5.0 (Windows NT 6.2; WOW64) AppleWebKit/537.36 (KHTML, like Gecko) Chrome/55.0.2883.87 UBrowser/6.2.4091.2 Safari/537.36" 24pct
179.61.173.203 ix.cs.uoregon.edu - [02/May/2020:07:11:14 -0700] "GET /~norris/cis330/index.cgi?n=PmWiki.Images HTTP/1.0" 200 7235 "https://ix.cs.uoregon.edu/" "Mozilla/5.0 (X11; Linux i686) AppleWebKit/537.36 (KHTML, like Gecko) Ubuntu Chromium/65.0.3325.181 Chrome/65.0.3325.181 Safari/537.36" 21pct
179.61.173.203 ix.cs.uoregon.edu - [02/May/2020:07:11:18 -0700] "GET /~norris/cis330/index.cgi3212SandraQuimby32random-1-9%1%?action=edit HTTP/1.1" 400 310 "https://ix.cs.uoregon.edu/" "Mozilla/5.0 (X11; Linux i686) AppleWebKit/537.36 (KHTML, like Gecko) Ubuntu Chromium/65.0.3325.181 Chrome/65.0.3325.181 Safari/537.36" -pct
39.101.184.55 ix.cs.uoregon.edu - [02/May/2020:07:17:45 -0700] "GET /css/album.css HTTP/1.1" 404 1090 "-" "Mozilla/5.0 (Windows NT 10.0; WOW64; rv:48.0) Gecko/20100101 Firefox/48.0" -pct
181.177.111.68 ix.cs.uoregon.edu - [02/May/2020:07:18:00 -0700] "GET /~norris/cis330/index.cgi?n=PmWiki.FAQ HTTP/1.0" 200 39237 "https://ix.cs.uoregon.edu/" "Mozilla/5.0 (Windows NT 6.3; WOW64) AppleWebKit/537.36 (KHTML, like Gecko) Chrome/67.0.3381.1 Safari/537.36" 25pct
115.75.7.72 ix.cs.uoregon.edu - [02/May/2020:07:18:45 -0700] "GET /~slabasan/vim_tips.html HTTP/1.1" 200 7727 "-" "Mozilla/5.0 (Macintosh; Intel Mac OS X 10_15_4) AppleWebKit/537.36 (KHTML, like Gecko) Chrome/81.0.4044.122 Safari/537.36" 29pct
216.244.66.234 ix.cs.uoregon.edu - [02/May/2020:07:19:05 -0700] "GET /%7Enorris/pat/ROSE_HTML_Reference/structssa__private_1_1DataflowCfgFilter.html HTTP/1.1" 200 11863 "-" "Mozilla/5.0 (compatible; DotBot/1.1; http://www.opensiteexplorer.org/dotbot, help@moz.com)" -pct
124.40.56.139 ix.cs.uoregon.edu - [02/May/2020:07:28:04 -0700] "GET /favicon.ico HTTP/1.1" 200 894 "http://ix.cs.uoregon.edu/~thien/pubs/graphConv.pdf" "Mozilla/5.0 (Windows NT 10.0; Win64; x64) AppleWebKit/537.36 (KHTML, like Gecko) Chrome/81.0.4044.129 Safari/537.36" -pct
5.62.51.36 ix.cs.uoregon.edu - [02/May/2020:07:31:17 -0700] "GET /~tomc/NotAfanboy-adblock.txt HTTP/1.1" 200 116831 "-" "-" 34pct
50.28.102.12 ix.cs.uoregon.edu - [02/May/2020:07:33:17 -0700] "GET /~michal/book/extras/Lugano-lab-2015/lab_package/case-study/gs-core/doc/org/graphstream/stream/Timeline.AttributeChanged.html HTTP/1.1" 200 2467 "https://ix.cs.uoregon.edu" "Mozilla/5.0 (Windows NT 10.0; Win64; x64) AppleWebKit/537.36 (KHTML, like Gecko) Chrome/62.0.3202.94 Safari/537.36" 16pct
203.217.247.64 ix.cs.uoregon.edu - [02/May/2020:07:33:26 -0700] "GET /%7Ekhuck/papers/Huck2010-approved.pdf HTTP/1.1" 200 273454 "-" "Mozilla/5.0 (Macintosh; Intel Mac OS X 10_14_1) AppleWebKit/537.36 (KHTML, like Gecko) Chrome/70.0.3538.102 Safari/537.36" -pct
114.218.92.242 ix.cs.uoregon.edu - [02/May/2020:07:45:46 -0700] "GET /~michal/Classes/F97/Readings/ProgViz/devanbu-genoa-icse92.pdf HTTP/1.1" 200 1204346 "-" "Mozilla/5.0 (Macintosh; Intel Mac OS X 10_11_6) AppleWebKit/537.36 (KHTML, like Gecko) Chrome/53.0.2785.143 Safari/537.36" -pct
216.244.66.234 ix.cs.uoregon.edu - [02/May/2020:07:57:25 -0700] "GET /%7Emichal/book/extras/Lugano-lab-2015/lab_package/case-study/gs-core/doc/org/graphstream/stream/file/package-summary.html HTTP/1.1" 200 29595 "-" "Mozilla/5.0 (compatible; DotBot/1.1; http://www.opensiteexplorer.org/dotbot, help@moz.com)" -pct
216.244.66.234 ix.cs.uoregon.edu - [02/May/2020:08:06:43 -0700] "GET /%7Enorris/pat/ROSE_HTML_Reference/AstReverseProcessing_8h.html HTTP/1.1" 200 14405 "-" "Mozilla/5.0 (compatible; DotBot/1.1; http://www.opensiteexplorer.org/dotbot, help@moz.com)" -pct
216.244.66.234 ix.cs.uoregon.edu - [02/May/2020:08:06:47 -0700] "GET /%7Enorris/pat/ROSE_HTML_Reference/WorkLists_8h_source.html HTTP/1.1" 200 50003 "-" "Mozilla/5.0 (compatible; DotBot/1.1; http://www.opensiteexplorer.org/dotbot, help@moz.com)" -pct
213.205.200.5 ix.cs.uoregon.edu - [02/May/2020:08:09:02 -0700] "GET /favicon.ico HTTP/1.1" 200 894 "http://ix.cs.uoregon.edu/~michal/book/Samples/book.pdf" "Mozilla/5.0 (Windows NT 10.0; Win64; x64) AppleWebKit/537.36 (KHTML, like Gecko) Chrome/81.0.4044.129 Safari/537.36" -pct
213.205.200.5 ix.cs.uoregon.edu - [02/May/2020:08:09:01 -0700] "GET /~michal/book/Samples/book.pdf HTTP/1.1" 200 4212022 "https://www.google.com/" "Mozilla/5.0 (Windows NT 10.0; Win64; x64) AppleWebKit/537.36 (KHTML, like Gecko) Chrome/81.0.4044.129 Safari/537.36" -pct
213.205.200.5 ix.cs.uoregon.edu - [02/May/2020:08:09:53 -0700] "-" 408 - "-" "-" -pct
194.230.155.247 ix.cs.uoregon.edu - [02/May/2020:08:14:29 -0700] "GET /~michal/book/ HTTP/1.1" 200 3399 "-" "Mozilla/5.0 (Macintosh; Intel Mac OS X 10_15_4) AppleWebKit/537.36 (KHTML, like Gecko) Chrome/81.0.4044.129 Safari/537.36" 28pct
194.230.155.247 ix.cs.uoregon.edu - [02/May/2020:08:14:29 -0700] "GET /~michal/book/pezze.css HTTP/1.1" 200 1917 "http://ix.cs.uoregon.edu/~michal/book/" "Mozilla/5.0 (Macintosh; Intel Mac OS X 10_15_4) AppleWebKit/537.36 (KHTML, like Gecko) Chrome/81.0.4044.129 Safari/537.36" 27pct
194.230.155.247 ix.cs.uoregon.edu - [02/May/2020:08:14:37 -0700] "GET /~michal/book/slides/ppt/PezzeYoung-Ch11-Combinatorial.ppt HTTP/1.1" 200 434176 "http://ix.cs.uoregon.edu/~michal/book/" "Mozilla/5.0 (Macintosh; Intel Mac OS X 10_15_4) AppleWebKit/537.36 (KHTML, like Gecko) Chrome/81.0.4044.129 Safari/537.36" -pct
173.44.155.83 ix.cs.uoregon.edu - [02/May/2020:08:14:58 -0700] "-" 408 - "-" "-" -pct
185.125.219.13 ix.cs.uoregon.edu - [02/May/2020:08:15:04 -0700] "HEAD / HTTP/1.1" 200 - "https://edem-msk.ru/dom-prestarelyh-sergiev-posad/" "Mozilla/5.0 (compatible; MSIE3.00; Windows 2008)" -pct
194.67.207.94 ix.cs.uoregon.edu - [02/May/2020:08:15:31 -0700] "HEAD / HTTP/1.1" 200 - "https://nonark.ru/lazarevskoe/" "Mozilla/2.0 (compatible; MSIE7.00; Windows 2007)" -pct
185.207.177.38 ix.cs.uoregon.edu - [02/May/2020:08:15:58 -0700] "GET /~norris/cis330/index.cgi?n=PmWiki.TextFormattingRules HTTP/1.0" 200 8072 "https://ix.cs.uoregon.edu/" "Mozilla/5.0 (Windows NT 6.2; WOW64; Trident/7.0; rv:11.0) like Gecko LBBROWSER" 26pct
194.67.207.9 ix.cs.uoregon.edu - [02/May/2020:08:16:51 -0700] "HEAD / HTTP/1.1" 200 - "https://avto-second.com.ua/index.php?route=product/product&path=208&product_id=164" "Mozilla/2.0 (compatible; MSIE2.00; Windows 2006)" -pct
178.62.81.146 ix.cs.uoregon.edu - [02/May/2020:08:24:18 -0700] "GET /~thornley/feed/ HTTP/1.1" 302 300 "-" "-" -pct
209.99.172.99 ix.cs.uoregon.edu - [02/May/2020:08:25:15 -0700] "GET /~norris/pat/index.cgi?n=PmWiki.TextFormattingRules HTTP/1.0" 200 8147 "https://ix.cs.uoregon.edu/" "Mozilla/5.0 (Windows NT 6.3; WOW64) AppleWebKit/537.36 (KHTML, like Gecko) Chrome/66.0.3359.139 Safari/537.36" 26pct
113.104.190.99 ix.cs.uoregon.edu - [02/May/2020:08:31:03 -0700] "GET /~norris/cis330books/ThinkingInC/Index.html HTTP/1.1" 200 8573 "https://www.google.com/" "Mozilla/5.0 (Windows NT 10.0; Win64; x64) AppleWebKit/537.36 (KHTML, like Gecko) Chrome/81.0.4044.129 Safari/537.36" 29pct
113.104.190.99 ix.cs.uoregon.edu - [02/May/2020:08:31:04 -0700] "GET /~norris/cis330books/ThinkingInC/images/somerights20.png HTTP/1.1" 200 958 "http://ix.cs.uoregon.edu/~norris/cis330books/ThinkingInC/Index.html" "Mozilla/5.0 (Windows NT 10.0; Win64; x64) AppleWebKit/537.36 (KHTML, like Gecko) Chrome/81.0.4044.129 Safari/537.36" -pct
113.104.190.99 ix.cs.uoregon.edu - [02/May/2020:08:31:04 -0700] "GET /~norris/cis330books/ThinkingInC/images/Backgnd.gif HTTP/1.1" 200 12276 "http://ix.cs.uoregon.edu/~norris/cis330books/ThinkingInC/Index.html" "Mozilla/5.0 (Windows NT 10.0; Win64; x64) AppleWebKit/537.36 (KHTML, like Gecko) Chrome/81.0.4044.129 Safari/537.36" -pct
113.104.190.99 ix.cs.uoregon.edu - [02/May/2020:08:31:04 -0700] "GET /~norris/cis330books/ThinkingInC/images/TIJ4.jpg HTTP/1.1" 200 96900 "http://ix.cs.uoregon.edu/~norris/cis330books/ThinkingInC/Index.html" "Mozilla/5.0 (Windows NT 10.0; Win64; x64) AppleWebKit/537.36 (KHTML, like Gecko) Chrome/81.0.4044.129 Safari/537.36" -pct
113.104.190.99 ix.cs.uoregon.edu - [02/May/2020:08:31:04 -0700] "GET /~norris/cis330books/ThinkingInC/images/CodeCapsules.jpg HTTP/1.1" 200 44150 "http://ix.cs.uoregon.edu/~norris/cis330books/ThinkingInC/Index.html" "Mozilla/5.0 (Windows NT 10.0; Win64; x64) AppleWebKit/537.36 (KHTML, like Gecko) Chrome/81.0.4044.129 Safari/537.36" -pct
113.104.190.99 ix.cs.uoregon.edu - [02/May/2020:08:31:04 -0700] "GET /~norris/cis330books/ThinkingInC/images/TICPPV1.jpg HTTP/1.1" 200 46560 "http://ix.cs.uoregon.edu/~norris/cis330books/ThinkingInC/Index.html" "Mozilla/5.0 (Windows NT 10.0; Win64; x64) AppleWebKit/537.36 (KHTML, like Gecko) Chrome/81.0.4044.129 Safari/537.36" -pct
113.104.190.99 ix.cs.uoregon.edu - [02/May/2020:08:31:04 -0700] "GET /~norris/cis330books/ThinkingInC/images/TICPPV2.jpg HTTP/1.1" 200 45124 "http://ix.cs.uoregon.edu/~norris/cis330books/ThinkingInC/Index.html" "Mozilla/5.0 (Windows NT 10.0; Win64; x64) AppleWebKit/537.36 (KHTML, like Gecko) Chrome/81.0.4044.129 Safari/537.36" -pct
113.104.190.99 ix.cs.uoregon.edu - [02/May/2020:08:31:05 -0700] "GET /~norris/cis330books/ThinkingInC/images/HandsOnJava.png HTTP/1.1" 200 2060439 "http://ix.cs.uoregon.edu/~norris/cis330books/ThinkingInC/Index.html" "Mozilla/5.0 (Windows NT 10.0; Win64; x64) AppleWebKit/537.36 (KHTML, like Gecko) Chrome/81.0.4044.129 Safari/537.36" -pct
216.244.66.234 ix.cs.uoregon.edu - [02/May/2020:08:38:05 -0700] "GET /%7Ethanhhng/ HTTP/1.1" 200 20430 "-" "Mozilla/5.0 (compatible; DotBot/1.1; http://www.opensiteexplorer.org/dotbot, help@moz.com)" -pct
112.134.39.203 ix.cs.uoregon.edu - [02/May/2020:08:41:01 -0700] "GET /~nisansa/people/Nisansa.jpg HTTP/1.1" 200 13546 "https://www.google.com/" "Mozilla/5.0 (Windows NT 6.1; Win64; x64) AppleWebKit/537.36 (KHTML, like Gecko) Chrome/74.0.3729.157 Safari/537.36" -pct
104.160.15.161 ix.cs.uoregon.edu - [02/May/2020:08:41:08 -0700] "GET /~tomc/NotAfanboy-adblock.txt HTTP/1.0" 200 116831 "http://ix.cs.uoregon.edu/" "Mozilla/5.0 (Windows NT 6.3) AppleWebKit/537.36 (KHTML, like Gecko) Chrome/65.0.3325.181 Safari/537.36 OPR/52.0.2871.40" 34pct
104.160.15.161 ix.cs.uoregon.edu - [02/May/2020:08:41:09 -0700] "POST /~tomc/NotAfanboy-adblock.txt/trackback/ HTTP/1.1" 404 1116 "http://jaelynndsl4b080.ek1.pl/2020/03/31/doping-agency-that-they-are-reinstated/" "PHP/5.2.83" -pct
173.44.155.146 ix.cs.uoregon.edu - [02/May/2020:08:44:02 -0700] "GET /~norris/cis330/index.cgi?n=Main.W1ex HTTP/1.0" 200 5171 "https://ix.cs.uoregon.edu/" "Mozilla/5.0 (Windows NT 6.1; WOW64) AppleWebKit/537.36 (KHTML, like Gecko) Chrome/67.0.3381.1 Safari/537.36" 21pct
122.152.198.73 128.223.4.35 - [02/May/2020:08:47:13 -0700] "GET /TP/public/index.php HTTP/1.1" 404 1096 "-" "Mozilla/5.0 (Windows; U; Windows NT 6.0;en-US; rv:1.9.2) Gecko/20100115 Firefox/3.6)" -pct
122.152.198.73 128.223.4.35 - [02/May/2020:08:47:14 -0700] "GET /TP/index.php HTTP/1.1" 404 1089 "-" "Mozilla/5.0 (Windows; U; Windows NT 6.0;en-US; rv:1.9.2) Gecko/20100115 Firefox/3.6)" -pct
122.152.198.73 128.223.4.35 - [02/May/2020:08:47:14 -0700] "GET /thinkphp/html/public/index.php HTTP/1.1" 404 1107 "-" "Mozilla/5.0 (Windows; U; Windows NT 6.0;en-US; rv:1.9.2) Gecko/20100115 Firefox/3.6)" -pct
122.152.198.73 128.223.4.35 - [02/May/2020:08:47:15 -0700] "GET /html/public/index.php HTTP/1.1" 404 1098 "-" "Mozilla/5.0 (Windows; U; Windows NT 6.0;en-US; rv:1.9.2) Gecko/20100115 Firefox/3.6)" -pct
122.152.198.73 128.223.4.35 - [02/May/2020:08:47:15 -0700] "GET /public/index.php HTTP/1.1" 404 1093 "-" "Mozilla/5.0 (Windows; U; Windows NT 6.0;en-US; rv:1.9.2) Gecko/20100115 Firefox/3.6)" -pct
122.152.198.73 128.223.4.35 - [02/May/2020:08:47:16 -0700] "GET /TP/html/public/index.php HTTP/1.1" 404 1101 "-" "Mozilla/5.0 (Windows; U; Windows NT 6.0;en-US; rv:1.9.2) Gecko/20100115 Firefox/3.6)" -pct
122.152.198.73 128.223.4.35 - [02/May/2020:08:47:16 -0700] "GET /elrekt.php HTTP/1.1" 404 1087 "-" "Mozilla/5.0 (Windows; U; Windows NT 6.0;en-US; rv:1.9.2) Gecko/20100115 Firefox/3.6)" -pct
122.152.198.73 128.223.4.35 - [02/May/2020:08:47:21 -0700] "GET / HTTP/1.1" 200 557 "-" "Mozilla/5.0 (Windows; U; Windows NT 6.0;en-US; rv:1.9.2) Gecko/20100115 Firefox/3.6)" 50pct
216.244.66.234 ix.cs.uoregon.edu - [02/May/2020:09:02:44 -0700] "GET /%7Enorris/pat/ROSE_HTML_Reference/classAst_1_1iterator.html HTTP/1.1" 200 28049 "-" "Mozilla/5.0 (compatible; DotBot/1.1; http://www.opensiteexplorer.org/dotbot, help@moz.com)" -pct
112.20.220.225 ix.cs.uoregon.edu - [02/May/2020:09:03:41 -0700] "GET /favicon.ico HTTP/1.1" 200 894 "http://ix.cs.uoregon.edu/~thien/pubs/graphConv.pdf" "Mozilla/5.0 (Windows NT 10.0; Win64; x64) AppleWebKit/537.36 (KHTML, like Gecko) Chrome/81.0.4044.129 Safari/537.36" -pct
107.183.168.88 ix.cs.uoregon.edu - [02/May/2020:09:03:49 -0700] "GET /~norris/cis330/index.cgi?n=PmWiki.LinkVariables HTTP/1.0" 200 4424 "https://ix.cs.uoregon.edu/" "Mozilla/5.0 (Windows NT 6.2; Win64; x64; rv:53.0) Gecko/20100101 Firefox/53.0" 21pct
107.183.168.88 ix.cs.uoregon.edu - [02/May/2020:09:04:01 -0700] "GET /~norris/cis330/index.cgi3731MicheleHobbs87random-1-9%1%?action=edit HTTP/1.1" 400 310 "https://ix.cs.uoregon.edu/" "Mozilla/5.0 (Windows NT 6.2; Win64; x64; rv:53.0) Gecko/20100101 Firefox/53.0" -pct
112.20.220.225 ix.cs.uoregon.edu - [02/May/2020:09:03:37 -0700] "GET /~thien/pubs/graphConv.pdf HTTP/1.1" 200 332488 "https://cn.bing.com/" "Mozilla/5.0 (Windows NT 10.0; Win64; x64) AppleWebKit/537.36 (KHTML, like Gecko) Chrome/81.0.4044.129 Safari/537.36" -pct
89.111.132.76 ix.cs.uoregon.edu - [02/May/2020:09:11:20 -0700] "GET /~cmisa/ HTTP/1.1" 200 3292 "-" "-" -pct
104.144.7.127 ix.cs.uoregon.edu - [02/May/2020:09:24:50 -0700] "GET /~norris/cis330/index.cgi?n=PmWiki.PageLists HTTP/1.0" 200 11766 "https://ix.cs.uoregon.edu/" "Mozilla/5.0 (Windows NT 6.3; WOW64) AppleWebKit/537.36 (KHTML, like Gecko) Chrome/55.0.2883.87 UBrowser/6.2.3964.2 Safari/537.36" 26pct
104.144.7.127 ix.cs.uoregon.edu - [02/May/2020:09:24:53 -0700] "GET /~norris/cis330/index.cgi5426MickeyGilman73random-1-9%3%?action=edit HTTP/1.1" 400 310 "https://ix.cs.uoregon.edu/" "Mozilla/5.0 (Windows NT 6.3; WOW64) AppleWebKit/537.36 (KHTML, like Gecko) Chrome/55.0.2883.87 UBrowser/6.2.3964.2 Safari/537.36" -pct
220.238.200.202 ix.cs.uoregon.edu - [02/May/2020:09:32:12 -0700] "GET /~thanhhng/ HTTP/1.1" 200 3171 "https://www.google.com/" "Mozilla/5.0 (Windows NT 10.0; Win64; x64) AppleWebKit/537.36 (KHTML, like Gecko) Chrome/81.0.4044.129 Safari/537.36" 15pct
220.238.200.202 ix.cs.uoregon.edu - [02/May/2020:09:32:12 -0700] "GET /~thanhhng/css/font-awesome.min.css HTTP/1.1" 200 6081 "https://ix.cs.uoregon.edu/~thanhhng/" "Mozilla/5.0 (Windows NT 10.0; Win64; x64) AppleWebKit/537.36 (KHTML, like Gecko) Chrome/81.0.4044.129 Safari/537.36" 22pct
220.238.200.202 ix.cs.uoregon.edu - [02/May/2020:09:32:12 -0700] "GET /~thanhhng/css/perfect-scrollbar-0.4.5.min.css HTTP/1.1" 200 461 "https://ix.cs.uoregon.edu/~thanhhng/" "Mozilla/5.0 (Windows NT 10.0; Win64; x64) AppleWebKit/537.36 (KHTML, like Gecko) Chrome/81.0.4044.129 Safari/537.36" 18pct
220.238.200.202 ix.cs.uoregon.edu - [02/May/2020:09:32:12 -0700] "GET /~thanhhng/css/style.css HTTP/1.1" 200 4678 "https://ix.cs.uoregon.edu/~thanhhng/" "Mozilla/5.0 (Windows NT 10.0; Win64; x64) AppleWebKit/537.36 (KHTML, like Gecko) Chrome/81.0.4044.129 Safari/537.36" 20pct
220.238.200.202 ix.cs.uoregon.edu - [02/May/2020:09:32:12 -0700] "GET /~thanhhng/css/magnific-popup.css HTTP/1.1" 200 1924 "https://ix.cs.uoregon.edu/~thanhhng/" "Mozilla/5.0 (Windows NT 10.0; Win64; x64) AppleWebKit/537.36 (KHTML, like Gecko) Chrome/81.0.4044.129 Safari/537.36" 24pct
220.238.200.202 ix.cs.uoregon.edu - [02/May/2020:09:32:12 -0700] "GET /~thanhhng/css/bootstrap.css HTTP/1.1" 200 19883 "https://ix.cs.uoregon.edu/~thanhhng/" "Mozilla/5.0 (Windows NT 10.0; Win64; x64) AppleWebKit/537.36 (KHTML, like Gecko) Chrome/81.0.4044.129 Safari/537.36" 16pct
220.238.200.202 ix.cs.uoregon.edu - [02/May/2020:09:32:12 -0700] "GET /~thanhhng/css/styles/default.css HTTP/1.1" 200 388 "https://ix.cs.uoregon.edu/~thanhhng/" "Mozilla/5.0 (Windows NT 10.0; Win64; x64) AppleWebKit/537.36 (KHTML, like Gecko) Chrome/81.0.4044.129 Safari/537.36" 30pct
220.238.200.202 ix.cs.uoregon.edu - [02/May/2020:09:32:12 -0700] "GET /~thanhhng/js/jquery-1.11.3.min.js HTTP/1.1" 200 33279 "https://ix.cs.uoregon.edu/~thanhhng/" "Mozilla/5.0 (Windows NT 10.0; Win64; x64) AppleWebKit/537.36 (KHTML, like Gecko) Chrome/81.0.4044.129 Safari/537.36" 34pct
220.238.200.202 ix.cs.uoregon.edu - [02/May/2020:09:32:12 -0700] "GET /~thanhhng/js/TweenMax.min.js HTTP/1.1" 200 31161 "https://ix.cs.uoregon.edu/~thanhhng/" "Mozilla/5.0 (Windows NT 10.0; Win64; x64) AppleWebKit/537.36 (KHTML, like Gecko) Chrome/81.0.4044.129 Safari/537.36" 33pct
220.238.200.202 ix.cs.uoregon.edu - [02/May/2020:09:32:12 -0700] "GET /~thanhhng/js/jquery.touchSwipe.min.js HTTP/1.1" 200 3673 "https://ix.cs.uoregon.edu/~thanhhng/" "Mozilla/5.0 (Windows NT 10.0; Win64; x64) AppleWebKit/537.36 (KHTML, like Gecko) Chrome/81.0.4044.129 Safari/537.36" 33pct
220.238.200.202 ix.cs.uoregon.edu - [02/May/2020:09:32:12 -0700] "GET /~thanhhng/js/jquery.carouFredSel-6.2.1-packed.js HTTP/1.1" 200 13676 "https://ix.cs.uoregon.edu/~thanhhng/" "Mozilla/5.0 (Windows NT 10.0; Win64; x64) AppleWebKit/537.36 (KHTML, like Gecko) Chrome/81.0.4044.129 Safari/537.36" 24pct
220.238.200.202 ix.cs.uoregon.edu - [02/May/2020:09:32:13 -0700] "GET /~thanhhng/js/modernizr.custom.63321.js HTTP/1.1" 200 3998 "https://ix.cs.uoregon.edu/~thanhhng/" "Mozilla/5.0 (Windows NT 10.0; Win64; x64) AppleWebKit/537.36 (KHTML, like Gecko) Chrome/81.0.4044.129 Safari/537.36" 44pct
220.238.200.202 ix.cs.uoregon.edu - [02/May/2020:09:32:13 -0700] "GET /~thanhhng/js/ScrollToPlugin.min.js HTTP/1.1" 200 957 "https://ix.cs.uoregon.edu/~thanhhng/" "Mozilla/5.0 (Windows NT 10.0; Win64; x64) AppleWebKit/537.36 (KHTML, like Gecko) Chrome/81.0.4044.129 Safari/537.36" 43pct
220.238.200.202 ix.cs.uoregon.edu - [02/May/2020:09:32:13 -0700] "GET /~thanhhng/js/jquery.dropdownit.js HTTP/1.1" 200 2061 "https://ix.cs.uoregon.edu/~thanhhng/" "Mozilla/5.0 (Windows NT 10.0; Win64; x64) AppleWebKit/537.36 (KHTML, like Gecko) Chrome/81.0.4044.129 Safari/537.36" 31pct
220.238.200.202 ix.cs.uoregon.edu - [02/May/2020:09:32:13 -0700] "GET /~thanhhng/js/bootstrap.min.js HTTP/1.1" 200 9745 "https://ix.cs.uoregon.edu/~thanhhng/" "Mozilla/5.0 (Windows NT 10.0; Win64; x64) AppleWebKit/537.36 (KHTML, like Gecko) Chrome/81.0.4044.129 Safari/537.36" 26pct
220.238.200.202 ix.cs.uoregon.edu - [02/May/2020:09:32:13 -0700] "GET /~thanhhng/js/jquery.mixitup.min.js HTTP/1.1" 200 4670 "https://ix.cs.uoregon.edu/~thanhhng/" "Mozilla/5.0 (Windows NT 10.0; Win64; x64) AppleWebKit/537.36 (KHTML, like Gecko) Chrome/81.0.4044.129 Safari/537.36" 29pct
220.238.200.202 ix.cs.uoregon.edu - [02/May/2020:09:32:13 -0700] "GET /~thanhhng/js/masonry.min.js HTTP/1.1" 200 8534 "https://ix.cs.uoregon.edu/~thanhhng/" "Mozilla/5.0 (Windows NT 10.0; Win64; x64) AppleWebKit/537.36 (KHTML, like Gecko) Chrome/81.0.4044.129 Safari/537.36" 29pct
220.238.200.202 ix.cs.uoregon.edu - [02/May/2020:09:32:13 -0700] "GET /~thanhhng/js/perfect-scrollbar-0.4.5.with-mousewheel.min.js HTTP/1.1" 200 2530 "https://ix.cs.uoregon.edu/~thanhhng/" "Mozilla/5.0 (Windows NT 10.0; Win64; x64) AppleWebKit/537.36 (KHTML, like Gecko) Chrome/81.0.4044.129 Safari/537.36" 30pct
220.238.200.202 ix.cs.uoregon.edu - [02/May/2020:09:32:13 -0700] "GET /~thanhhng/js/magnific-popup.js HTTP/1.1" 200 5598 "https://ix.cs.uoregon.edu/~thanhhng/" "Mozilla/5.0 (Windows NT 10.0; Win64; x64) AppleWebKit/537.36 (KHTML, like Gecko) Chrome/81.0.4044.129 Safari/537.36" 37pct
220.238.200.202 ix.cs.uoregon.edu - [02/May/2020:09:32:13 -0700] "GET /~thanhhng/js/custom.js HTTP/1.1" 200 2936 "https://ix.cs.uoregon.edu/~thanhhng/" "Mozilla/5.0 (Windows NT 10.0; Win64; x64) AppleWebKit/537.36 (KHTML, like Gecko) Chrome/81.0.4044.129 Safari/537.36" 31pct
220.238.200.202 ix.cs.uoregon.edu - [02/May/2020:09:32:13 -0700] "GET /~thanhhng/js/jquery.nicescroll.min.js HTTP/1.1" 200 16639 "https://ix.cs.uoregon.edu/~thanhhng/" "Mozilla/5.0 (Windows NT 10.0; Win64; x64) AppleWebKit/537.36 (KHTML, like Gecko) Chrome/81.0.4044.129 Safari/537.36" 27pct
220.238.200.202 ix.cs.uoregon.edu - [02/May/2020:09:32:13 -0700] "GET /~thanhhng/fonts/fontawesome-webfont.woff2?v=4.4.0 HTTP/1.1" 200 64464 "https://ix.cs.uoregon.edu/~thanhhng/css/font-awesome.min.css" "Mozilla/5.0 (Windows NT 10.0; Win64; x64) AppleWebKit/537.36 (KHTML, like Gecko) Chrome/81.0.4044.129 Safari/537.36" -pct
220.238.200.202 ix.cs.uoregon.edu - [02/May/2020:09:32:13 -0700] "GET /~thanhhng/img/personal/personal-image-2.jpg HTTP/1.1" 200 1528423 "https://ix.cs.uoregon.edu/~thanhhng/" "Mozilla/5.0 (Windows NT 10.0; Win64; x64) AppleWebKit/537.36 (KHTML, like Gecko) Chrome/81.0.4044.129 Safari/537.36" -pct
220.238.200.202 ix.cs.uoregon.edu - [02/May/2020:09:32:13 -0700] "GET /~thanhhng/img/personal/personal-image.jpg HTTP/1.1" 200 1528423 "https://ix.cs.uoregon.edu/~thanhhng/css/style.css" "Mozilla/5.0 (Windows NT 10.0; Win64; x64) AppleWebKit/537.36 (KHTML, like Gecko) Chrome/81.0.4044.129 Safari/537.36" -pct
220.238.200.202 ix.cs.uoregon.edu - [02/May/2020:09:32:15 -0700] "GET /favicon.ico HTTP/1.1" 200 894 "https://ix.cs.uoregon.edu/~thanhhng/" "Mozilla/5.0 (Windows NT 10.0; Win64; x64) AppleWebKit/537.36 (KHTML, like Gecko) Chrome/81.0.4044.129 Safari/537.36" -pct
220.238.200.202 ix.cs.uoregon.edu - [02/May/2020:09:33:21 -0700] "GET /~thanhhng/research.html HTTP/1.1" 200 5020 "https://ix.cs.uoregon.edu/~thanhhng/" "Mozilla/5.0 (Windows NT 10.0; Win64; x64) AppleWebKit/537.36 (KHTML, like Gecko) Chrome/81.0.4044.129 Safari/537.36" 16pct
220.238.200.202 ix.cs.uoregon.edu - [02/May/2020:09:33:21 -0700] "GET /~thanhhng/img/lab/humanbehavior.jpg HTTP/1.1" 200 54411 "https://ix.cs.uoregon.edu/~thanhhng/research.html" "Mozilla/5.0 (Windows NT 10.0; Win64; x64) AppleWebKit/537.36 (KHTML, like Gecko) Chrome/81.0.4044.129 Safari/537.36" -pct
220.238.200.202 ix.cs.uoregon.edu - [02/May/2020:09:33:21 -0700] "GET /~thanhhng/img/lab/socialnetwork.gif HTTP/1.1" 200 60150 "https://ix.cs.uoregon.edu/~thanhhng/research.html" "Mozilla/5.0 (Windows NT 10.0; Win64; x64) AppleWebKit/537.36 (KHTML, like Gecko) Chrome/81.0.4044.129 Safari/537.36" -pct
220.238.200.202 ix.cs.uoregon.edu - [02/May/2020:09:33:21 -0700] "GET /~thanhhng/img/lab/deception.png HTTP/1.1" 200 346516 "https://ix.cs.uoregon.edu/~thanhhng/research.html" "Mozilla/5.0 (Windows NT 10.0; Win64; x64) AppleWebKit/537.36 (KHTML, like Gecko) Chrome/81.0.4044.129 Safari/537.36" -pct
220.238.200.202 ix.cs.uoregon.edu - [02/May/2020:09:33:21 -0700] "GET /~thanhhng/img/lab/cybersecurity.jpg HTTP/1.1" 200 120590 "https://ix.cs.uoregon.edu/~thanhhng/research.html" "Mozilla/5.0 (Windows NT 10.0; Win64; x64) AppleWebKit/537.36 (KHTML, like Gecko) Chrome/81.0.4044.129 Safari/537.36" -pct
220.238.200.202 ix.cs.uoregon.edu - [02/May/2020:09:33:21 -0700] "GET /~thanhhng/img/lab/negotiation.jpg HTTP/1.1" 200 163136 "https://ix.cs.uoregon.edu/~thanhhng/research.html" "Mozilla/5.0 (Windows NT 10.0; Win64; x64) AppleWebKit/537.36 (KHTML, like Gecko) Chrome/81.0.4044.129 Safari/537.36" -pct
220.238.200.202 ix.cs.uoregon.edu - [02/May/2020:09:33:21 -0700] "GET /~thanhhng/img/lab/informationleakage.jpg HTTP/1.1" 200 1941440 "https://ix.cs.uoregon.edu/~thanhhng/research.html" "Mozilla/5.0 (Windows NT 10.0; Win64; x64) AppleWebKit/537.36 (KHTML, like Gecko) Chrome/81.0.4044.129 Safari/537.36" -pct
185.34.241.108 ix.cs.uoregon.edu - [02/May/2020:09:33:26 -0700] "GET /~michal/book/free.php HTTP/1.1" 200 1799 "-" "Mozilla/5.0 (Windows NT 6.3; Win64; x64) AppleWebKit/537.36 (KHTML, like Gecko) Chrome/80.0.3987.163 Safari/537.36 OPR/67.0.3575.137" 35pct
185.34.241.108 ix.cs.uoregon.edu - [02/May/2020:09:33:45 -0700] "GET /favicon.ico HTTP/1.1" 200 894 "-" "Mozilla/5.0 (Windows NT 6.3; Win64; x64) AppleWebKit/537.36 (KHTML, like Gecko) Chrome/80.0.3987.163 Safari/537.36 OPR/67.0.3575.137" -pct
216.244.66.234 ix.cs.uoregon.edu - [02/May/2020:09:34:33 -0700] "GET /%7Ereza/PUB/imc05.pdf HTTP/1.1" 200 280730 "-" "Mozilla/5.0 (compatible; DotBot/1.1; http://www.opensiteexplorer.org/dotbot, help@moz.com)" -pct
69.195.159.182 ix.cs.uoregon.edu - [02/May/2020:09:34:47 -0700] "GET /~rmoll/ HTTP/1.1" 200 3565 "http://ryancmoll.com" "Mozilla/5.0 (Windows NT 6.1; WOW64; rv:31.3) Gecko/20100101 Firefox/42.0" 36pct
112.20.220.225 ix.cs.uoregon.edu - [02/May/2020:09:41:06 -0700] "GET /~thien/pubs/graphConv.pdf HTTP/1.1" 200 332488 "https://cn.bing.com/" "Mozilla/5.0 (Windows NT 10.0; Win64; x64) AppleWebKit/537.36 (KHTML, like Gecko) Chrome/81.0.4044.129 Safari/537.36" -pct
204.45.80.202 ix.cs.uoregon.edu - [02/May/2020:09:46:04 -0700] "GET /~apouranb/ HTTP/1.1" 200 1920 "-" "Mozilla/5.0 (Linux; Android 10; SM-G965F) AppleWebKit/537.36 (KHTML, like Gecko) Chrome/81.0.4044.117 Mobile Safari/537.36" 39pct
204.45.80.202 ix.cs.uoregon.edu - [02/May/2020:09:46:05 -0700] "GET /~apouranb/pic.jpg HTTP/1.1" 200 103489 "http://ix.cs.uoregon.edu/~apouranb/" "Mozilla/5.0 (Linux; Android 10; SM-G965F) AppleWebKit/537.36 (KHTML, like Gecko) Chrome/81.0.4044.117 Mobile Safari/537.36" -pct
204.45.80.202 ix.cs.uoregon.edu - [02/May/2020:09:46:06 -0700] "GET /favicon.ico HTTP/1.1" 200 894 "http://ix.cs.uoregon.edu/~apouranb/" "Mozilla/5.0 (Linux; Android 10; SM-G965F) AppleWebKit/537.36 (KHTML, like Gecko) Chrome/81.0.4044.117 Mobile Safari/537.36" -pct
204.45.80.202 ix.cs.uoregon.edu - [02/May/2020:09:46:56 -0700] "-" 408 - "-" "-" -pct
216.244.66.234 ix.cs.uoregon.edu - [02/May/2020:09:48:06 -0700] "GET /%7Enorris/pat/ROSE_HTML_Reference/classDOTRepresentation.html HTTP/1.1" 200 8034 "-" "Mozilla/5.0 (compatible; DotBot/1.1; http://www.opensiteexplorer.org/dotbot, help@moz.com)" -pct
105.112.97.117 ix.cs.uoregon.edu - [02/May/2020:09:57:31 -0700] "GET /~andrzej/212S99/ HTTP/1.1" 200 2100 "https://www.google.com/" "Mozilla/5.0 (Windows NT 6.1) AppleWebKit/537.36 (KHTML, like Gecko) Chrome/50.0.2661.102 UBrowser/6.0.1308.1016 Safari/537.36" 39pct
105.112.97.117 ix.cs.uoregon.edu - [02/May/2020:09:57:33 -0700] "GET /favicon.ico HTTP/1.1" 200 894 "http://ix.cs.uoregon.edu/~andrzej/212S99/" "Mozilla/5.0 (Windows NT 6.1) AppleWebKit/537.36 (KHTML, like Gecko) Chrome/50.0.2661.102 UBrowser/6.0.1308.1016 Safari/537.36" -pct
120.211.142.36 ix.cs.uoregon.edu - [02/May/2020:10:04:19 -0700] "GET /~jiao/ HTTP/1.1" 200 10395 "https://cn.bing.com/" "Mozilla/5.0 (Macintosh; Intel Mac OS X 10_15) AppleWebKit/605.1.15 (KHTML, like Gecko) Version/13.0.5 Safari/605.1.15" 25pct
120.211.142.36 ix.cs.uoregon.edu - [02/May/2020:10:04:21 -0700] "GET /~jiao/js/ie10-viewport-bug-workaround.js HTTP/1.1" 404 1117 "https://ix.cs.uoregon.edu/~jiao/" "Mozilla/5.0 (Macintosh; Intel Mac OS X 10_15) AppleWebKit/605.1.15 (KHTML, like Gecko) Version/13.0.5 Safari/605.1.15" -pct
120.211.142.36 ix.cs.uoregon.edu - [02/May/2020:10:04:18 -0700] "GET /~jiao/papers/secon20a.pdf HTTP/1.1" 200 327822 "-" "Mozilla/5.0 (Macintosh; Intel Mac OS X 10_15) AppleWebKit/605.1.15 (KHTML, like Gecko) Version/13.0.5 Safari/605.1.15" -pct
120.211.142.36 ix.cs.uoregon.edu - [02/May/2020:10:04:17 -0700] "GET /~jiao/papers/secon20a.pdf HTTP/1.1" 200 327822 "-" "Mozilla/5.0 (Macintosh; Intel Mac OS X 10_15) AppleWebKit/605.1.15 (KHTML, like Gecko) Version/13.0.5 Safari/605.1.15" -pct
120.211.142.36 ix.cs.uoregon.edu - [02/May/2020:10:06:08 -0700] "GET /~jiao/papers/infocom20.pdf HTTP/1.1" 200 562168 "-" "Mozilla/5.0 (Macintosh; Intel Mac OS X 10_15) AppleWebKit/605.1.15 (KHTML, like Gecko) Version/13.0.5 Safari/605.1.15" -pct
120.211.142.36 ix.cs.uoregon.edu - [02/May/2020:10:06:11 -0700] "GET /~jiao/papers/infocom20.pdf HTTP/1.1" 200 562168 "-" "Mozilla/5.0 (Macintosh; Intel Mac OS X 10_15) AppleWebKit/605.1.15 (KHTML, like Gecko) Version/13.0.5 Safari/605.1.15" -pct
120.211.142.36 ix.cs.uoregon.edu - [02/May/2020:10:09:43 -0700] "GET /~jiao/papers/secon20a.pdf HTTP/1.1" 200 327822 "-" "Mozilla/5.0 (Macintosh; Intel Mac OS X 10_15) AppleWebKit/605.1.15 (KHTML, like Gecko) Version/13.0.5 Safari/605.1.15" -pct
120.211.142.36 ix.cs.uoregon.edu - [02/May/2020:10:09:49 -0700] "GET /~jiao/papers/secon20a.pdf HTTP/1.1" 200 327822 "-" "Mozilla/5.0 (Macintosh; Intel Mac OS X 10_15) AppleWebKit/605.1.15 (KHTML, like Gecko) Version/13.0.5 Safari/605.1.15" -pct
120.211.142.36 ix.cs.uoregon.edu - [02/May/2020:10:09:42 -0700] "GET /~jiao/papers/infocom20.pdf HTTP/1.1" 200 562168 "-" "Mozilla/5.0 (Macintosh; Intel Mac OS X 10_15) AppleWebKit/605.1.15 (KHTML, like Gecko) Version/13.0.5 Safari/605.1.15" -pct
120.211.142.36 ix.cs.uoregon.edu - [02/May/2020:10:11:02 -0700] "GET /~jiao/papers/infocom20.pdf HTTP/1.1" 200 562168 "-" "Mozilla/5.0 (Macintosh; Intel Mac OS X 10_15) AppleWebKit/605.1.15 (KHTML, like Gecko) Version/13.0.5 Safari/605.1.15" -pct
212.119.46.36 ix.cs.uoregon.edu - [02/May/2020:10:17:28 -0700] "GET /~tomc/NotAfanboy-adblock.txt HTTP/1.1" 200 116831 "-" "Mozilla/5.0 (Windows NT 10.0; WOW64; Rv:50.0) Gecko/20100101 Firefox/50.0" 34pct
120.211.142.36 ix.cs.uoregon.edu - [02/May/2020:10:12:05 -0700] "GET /~jiao/papers/infocom20.pdf HTTP/1.1" 200 562168 "-" "Mozilla/5.0 (Macintosh; Intel Mac OS X 10_15) AppleWebKit/605.1.15 (KHTML, like Gecko) Version/13.0.5 Safari/605.1.15" -pct
95.70.149.213 ix.cs.uoregon.edu - [02/May/2020:10:19:38 -0700] "GET /~norris/cis330/index.cgi?n=PmWiki.WikiGroup HTTP/1.1" 200 6097 "https://www.google.com/" "Mozilla/5.0 (Linux; Android 6.0.1; SAMSUNG SM-N910C) AppleWebKit/537.36 (KHTML, like Gecko) SamsungBrowser/10.1 Chrome/71.0.3578.99 Mobile Safari/537.36" 25pct
95.70.149.213 ix.cs.uoregon.edu - [02/May/2020:10:19:39 -0700] "GET /~norris/cis330/pub/skins/marinee/color-green/color.css HTTP/1.1" 200 936 "https://ix.cs.uoregon.edu/~norris/cis330/index.cgi?n=PmWiki.WikiGroup" "Mozilla/5.0 (Linux; Android 6.0.1; SAMSUNG SM-N910C) AppleWebKit/537.36 (KHTML, like Gecko) SamsungBrowser/10.1 Chrome/71.0.3578.99 Mobile Safari/537.36" 29pct
95.70.149.213 ix.cs.uoregon.edu - [02/May/2020:10:19:39 -0700] "GET /~norris/cis330/pub/skins/marinee/style.css HTTP/1.1" 200 2796 "https://ix.cs.uoregon.edu/~norris/cis330/index.cgi?n=PmWiki.WikiGroup" "Mozilla/5.0 (Linux; Android 6.0.1; SAMSUNG SM-N910C) AppleWebKit/537.36 (KHTML, like Gecko) SamsungBrowser/10.1 Chrome/71.0.3578.99 Mobile Safari/537.36" 28pct
95.70.149.213 ix.cs.uoregon.edu - [02/May/2020:10:19:39 -0700] "GET /~norris/cis330/pub/css/local.css HTTP/1.1" 200 116 "https://ix.cs.uoregon.edu/~norris/cis330/index.cgi?n=PmWiki.WikiGroup" "Mozilla/5.0 (Linux; Android 6.0.1; SAMSUNG SM-N910C) AppleWebKit/537.36 (KHTML, like Gecko) SamsungBrowser/10.1 Chrome/71.0.3578.99 Mobile Safari/537.36" 76pct
95.70.149.213 ix.cs.uoregon.edu - [02/May/2020:10:19:39 -0700] "GET /~norris/cis330/pub/skins/marinee/color-green/images/bg_top.gif HTTP/1.1" 200 1925 "https://ix.cs.uoregon.edu/~norris/cis330/pub/skins/marinee/color-green/color.css" "Mozilla/5.0 (Linux; Android 6.0.1; SAMSUNG SM-N910C) AppleWebKit/537.36 (KHTML, like Gecko) SamsungBrowser/10.1 Chrome/71.0.3578.99 Mobile Safari/537.36" -pct
95.70.149.213 ix.cs.uoregon.edu - [02/May/2020:10:19:39 -0700] "GET /~norris/cis330/pub/skins/marinee/color-green/images/container.gif HTTP/1.1" 200 129 "https://ix.cs.uoregon.edu/~norris/cis330/pub/skins/marinee/color-green/color.css" "Mozilla/5.0 (Linux; Android 6.0.1; SAMSUNG SM-N910C) AppleWebKit/537.36 (KHTML, like Gecko) SamsungBrowser/10.1 Chrome/71.0.3578.99 Mobile Safari/537.36" -pct
95.70.149.213 ix.cs.uoregon.edu - [02/May/2020:10:19:40 -0700] "GET /~norris/cis330/pub/skins/marinee/color-green/images/container_top.gif HTTP/1.1" 200 265 "https://ix.cs.uoregon.edu/~norris/cis330/pub/skins/marinee/color-green/color.css" "Mozilla/5.0 (Linux; Android 6.0.1; SAMSUNG SM-N910C) AppleWebKit/537.36 (KHTML, like Gecko) SamsungBrowser/10.1 Chrome/71.0.3578.99 Mobile Safari/537.36" -pct
95.70.149.213 ix.cs.uoregon.edu - [02/May/2020:10:19:40 -0700] "GET /~norris/cis330/pub/skins/marinee/color-green/images/container_left.gif HTTP/1.1" 200 2160 "https://ix.cs.uoregon.edu/~norris/cis330/pub/skins/marinee/color-green/color.css" "Mozilla/5.0 (Linux; Android 6.0.1; SAMSUNG SM-N910C) AppleWebKit/537.36 (KHTML, like Gecko) SamsungBrowser/10.1 Chrome/71.0.3578.99 Mobile Safari/537.36" -pct
95.70.149.213 ix.cs.uoregon.edu - [02/May/2020:10:19:40 -0700] "GET /~norris/cis330/pub/skins/marinee/color-green/images/container_right.gif HTTP/1.1" 200 1979 "https://ix.cs.uoregon.edu/~norris/cis330/pub/skins/marinee/color-green/color.css" "Mozilla/5.0 (Linux; Android 6.0.1; SAMSUNG SM-N910C) AppleWebKit/537.36 (KHTML, like Gecko) SamsungBrowser/10.1 Chrome/71.0.3578.99 Mobile Safari/537.36" -pct
95.70.149.213 ix.cs.uoregon.edu - [02/May/2020:10:19:40 -0700] "GET /~norris/cis330/pub/skins/marinee/color-green/images/links_bullet.gif HTTP/1.1" 200 113 "https://ix.cs.uoregon.edu/~norris/cis330/pub/skins/marinee/color-green/color.css" "Mozilla/5.0 (Linux; Android 6.0.1; SAMSUNG SM-N910C) AppleWebKit/537.36 (KHTML, like Gecko) SamsungBrowser/10.1 Chrome/71.0.3578.99 Mobile Safari/537.36" -pct
95.70.149.213 ix.cs.uoregon.edu - [02/May/2020:10:19:40 -0700] "GET /~norris/cis330/pub/skins/marinee/color-green/images/search_submit.gif HTTP/1.1" 200 299 "https://ix.cs.uoregon.edu/~norris/cis330/pub/skins/marinee/color-green/color.css" "Mozilla/5.0 (Linux; Android 6.0.1; SAMSUNG SM-N910C) AppleWebKit/537.36 (KHTML, like Gecko) SamsungBrowser/10.1 Chrome/71.0.3578.99 Mobile Safari/537.36" -pct
95.70.149.213 ix.cs.uoregon.edu - [02/May/2020:10:19:40 -0700] "GET /favicon.ico HTTP/1.1" 200 894 "https://ix.cs.uoregon.edu/~norris/cis330/index.cgi?n=PmWiki.WikiGroup" "Mozilla/5.0 (Linux; Android 6.0.1; SAMSUNG SM-N910C) AppleWebKit/537.36 (KHTML, like Gecko) SamsungBrowser/10.1 Chrome/71.0.3578.99 Mobile Safari/537.36" -pct
95.70.149.213 ix.cs.uoregon.edu - [02/May/2020:10:19:40 -0700] "GET /~norris/cis330/pub/skins/marinee/color-green/images/footer.gif HTTP/1.1" 200 1320 "https://ix.cs.uoregon.edu/~norris/cis330/pub/skins/marinee/color-green/color.css" "Mozilla/5.0 (Linux; Android 6.0.1; SAMSUNG SM-N910C) AppleWebKit/537.36 (KHTML, like Gecko) SamsungBrowser/10.1 Chrome/71.0.3578.99 Mobile Safari/537.36" -pct
95.70.149.213 ix.cs.uoregon.edu - [02/May/2020:10:20:02 -0700] "GET /~norris/cis330/index.cgi?n=Main.Schedule HTTP/1.1" 200 6152 "https://ix.cs.uoregon.edu/~norris/cis330/index.cgi?n=PmWiki.WikiGroup" "Mozilla/5.0 (Linux; Android 6.0.1; SAMSUNG SM-N910C) AppleWebKit/537.36 (KHTML, like Gecko) SamsungBrowser/10.1 Chrome/71.0.3578.99 Mobile Safari/537.36" 21pct
178.62.81.146 ix.cs.uoregon.edu - [02/May/2020:10:22:48 -0700] "GET /~thornley/feed/ HTTP/1.1" 302 300 "-" "-" -pct
62.205.241.58 ix.cs.uoregon.edu - [02/May/2020:10:23:31 -0700] "GET /robots.txt HTTP/1.1" 200 14 "-" "crawler4j (http://code.google.com/p/crawler4j/)" -pct
204.11.129.246 ix.cs.uoregon.edu - [02/May/2020:10:36:48 -0700] "GET /favicon.ico HTTP/1.1" 200 894 "http://ix.cs.uoregon.edu/~hank/441/lectures/CIS441_Lec1_W19.pdf" "Mozilla/5.0 (Windows NT 10.0; Win64; x64) AppleWebKit/537.36 (KHTML, like Gecko) Chrome/81.0.4044.129 Safari/537.36" -pct
204.11.129.246 ix.cs.uoregon.edu - [02/May/2020:10:36:47 -0700] "GET /~hank/441/lectures/CIS441_Lec1_W19.pdf HTTP/1.1" 200 23823831 "https://www.google.com/" "Mozilla/5.0 (Windows NT 10.0; Win64; x64) AppleWebKit/537.36 (KHTML, like Gecko) Chrome/81.0.4044.129 Safari/537.36" -pct
112.20.220.225 ix.cs.uoregon.edu - [02/May/2020:10:36:55 -0700] "GET /~thien/pubs/graphConv.pdf HTTP/1.1" 206 1 "https://cn.bing.com/" "Mozilla/5.0 (Windows NT 10.0; Win64; x64) AppleWebKit/537.36 (KHTML, like Gecko) Chrome/81.0.4044.129 Safari/537.36" -pct
216.244.66.234 ix.cs.uoregon.edu - [02/May/2020:10:37:03 -0700] "GET /%7Enorris/pat/ROSE_HTML_Reference/classAstSharedMemoryParallelBottomUpProcessing.html HTTP/1.1" 200 283358 "-" "Mozilla/5.0 (compatible; DotBot/1.1; http://www.opensiteexplorer.org/dotbot, help@moz.com)" -pct
112.20.220.225 ix.cs.uoregon.edu - [02/May/2020:10:36:57 -0700] "GET /~thien/pubs/graphConv.pdf HTTP/1.1" 206 258932 "https://cn.bing.com/" "Mozilla/5.0 (Windows NT 10.0; Win64; x64) AppleWebKit/537.36 (KHTML, like Gecko) Chrome/81.0.4044.129 Safari/537.36" -pct
216.244.66.234 ix.cs.uoregon.edu - [02/May/2020:10:38:10 -0700] "GET /%7Enorris/pat/ROSE_HTML_Reference/IntelPinSupport_8h_source.html HTTP/1.1" 200 10260 "-" "Mozilla/5.0 (compatible; DotBot/1.1; http://www.opensiteexplorer.org/dotbot, help@moz.com)" -pct
216.244.66.234 ix.cs.uoregon.edu - [02/May/2020:11:04:54 -0700] "GET /%7Edou/research/papers/JDS04.pdf HTTP/1.1" 200 285710 "-" "Mozilla/5.0 (compatible; DotBot/1.1; http://www.opensiteexplorer.org/dotbot, help@moz.com)" -pct
171.22.122.205 ix.cs.uoregon.edu - [02/May/2020:11:20:50 -0700] "GET /~norris/cis330/index.cgi HTTP/1.0" 200 1915 "https://ix.cs.uoregon.edu/" "Mozilla/5.0 (Windows NT 6.2; WOW64) AppleWebKit/537.36 (KHTML, like Gecko) Chrome/65.0.3325.181 Safari/537.36" 28pct
171.22.122.205 ix.cs.uoregon.edu - [02/May/2020:11:20:51 -0700] "GET /~norris/cis330/index.cgi4858JacquieEspino68random-1-9%4%?action=edit HTTP/1.1" 400 310 "https://ix.cs.uoregon.edu/" "Mozilla/5.0 (Windows NT 6.2; WOW64) AppleWebKit/537.36 (KHTML, like Gecko) Chrome/65.0.3325.181 Safari/537.36" -pct
216.244.66.234 ix.cs.uoregon.edu - [02/May/2020:11:24:26 -0700] "GET /%7Epedram/research.php HTTP/1.1" 200 1980 "-" "Mozilla/5.0 (compatible; DotBot/1.1; http://www.opensiteexplorer.org/dotbot, help@moz.com)" -pct
171.22.122.135 ix.cs.uoregon.edu - [02/May/2020:11:25:29 -0700] "GET /~norris/cis330/index.cgi?n=PmWiki.AccessKeys HTTP/1.0" 200 4886 "https://ix.cs.uoregon.edu/" "Mozilla/5.0 (Windows NT 6.3; Win64; x64) AppleWebKit/537.36 (KHTML, like Gecko) Chrome/66.0.3359.139 Safari/537.36,gzip(gfe)" 28pct
82.165.158.60 ix.cs.uoregon.edu - [02/May/2020:11:29:44 -0700] "GET /~tomc/NotAfanboy-adblock.txt' HTTP/1.1" 404 1106 "-" "Mozilla/5.0 (Windows NT 6.0; rv:22.0) Gecko/20130405 Firefox/22.0" -pct
52.183.56.186 ix.cs.uoregon.edu - [02/May/2020:11:34:24 -0700] "GET /~faulk/ProjectDescrV2.3.bak.doc HTTP/1.1" 200 653824 "-" "Wget/1.19.4 (linux-gnu)" -pct
39.101.184.55 ix.cs.uoregon.edu - [02/May/2020:11:40:33 -0700] "GET /public/static/.gitignore HTTP/1.1" 404 1101 "-" "Mozilla/5.0 (Windows NT 10.0; WOW64; rv:48.0) Gecko/20100101 Firefox/48.0" -pct
39.101.184.55 ix.cs.uoregon.edu - [02/May/2020:11:42:23 -0700] "GET /xxsssseee HTTP/1.1" 404 1086 "-" "Mozilla/5.0 (Windows NT 10.0; WOW64; rv:48.0) Gecko/20100101 Firefox/48.0" -pct
82.165.158.60 ix.cs.uoregon.edu - [02/May/2020:11:44:22 -0700] "GET /~conery/eic/python/slides/Keynote/04+Journey+of+1000+Miles.key' HTTP/1.1" 404 1140 "-" "Mozilla/5.0 (Windows NT 6.0; rv:22.0) Gecko/20130405 Firefox/22.0" -pct
8.29.198.26 ix.cs.uoregon.edu - [02/May/2020:11:46:19 -0700] "GET /~thornley/feed/ HTTP/1.1" 302 300 "-" "Feedly/1.0 (+http://www.feedly.com/fetcher.html; 60 subscribers; like FeedFetcher-Google)" -pct
23.250.39.33 ix.cs.uoregon.edu - [02/May/2020:12:03:56 -0700] "GET /~norris/cis330/index.cgi?n=PmWiki.AuthUser HTTP/1.0" 200 8690 "https://ix.cs.uoregon.edu/" "Mozilla/5.0 (Windows NT 6.3; WOW64) AppleWebKit/537.36 (KHTML, like Gecko) Chrome/63.0.3239.132 YaBrowser/18.1.1.840 Yowser/2.5 Safari/537.36" 27pct
23.250.39.33 ix.cs.uoregon.edu - [02/May/2020:12:03:58 -0700] "GET /~norris/cis330/index.cgi7843JeremiahBrough42random-1-9%2%?action=edit HTTP/1.1" 400 310 "https://ix.cs.uoregon.edu/" "Mozilla/5.0 (Windows NT 6.3; WOW64) AppleWebKit/537.36 (KHTML, like Gecko) Chrome/63.0.3239.132 YaBrowser/18.1.1.840 Yowser/2.5 Safari/537.36" -pct
82.205.25.58 ix.cs.uoregon.edu - [02/May/2020:12:08:27 -0700] "GET /~michal/book/TOC-detailed.html HTTP/1.1" 200 6349 "-" "Mozilla/5.0 (Windows NT 10.0; Win64; x64) AppleWebKit/537.36 (KHTML, like Gecko) Chrome/81.0.4044.129 Safari/537.36" 34pct
173.44.155.189 ix.cs.uoregon.edu - [02/May/2020:12:13:14 -0700] "GET /~norris/cis330/index.cgi?n=Main.W4D2ex HTTP/1.0" 200 8765 "https://ix.cs.uoregon.edu/" "Mozilla/5.0 (Windows NT 6.2; WOW64) AppleWebKit/537.36 (KHTML, like Gecko) Chrome/55.0.2883.87 UBrowser/6.2.4091.2 Safari/537.36" 22pct
173.44.155.189 ix.cs.uoregon.edu - [02/May/2020:12:13:15 -0700] "GET /~norris/cis330/index.cgi4617KandyWojcik35random-1-9%8%?action=edit HTTP/1.1" 400 310 "https://ix.cs.uoregon.edu/" "Mozilla/5.0 (Windows NT 6.2; WOW64) AppleWebKit/537.36 (KHTML, like Gecko) Chrome/55.0.2883.87 UBrowser/6.2.4091.2 Safari/537.36" -pct
109.77.45.176 ix.cs.uoregon.edu - [02/May/2020:12:17:29 -0700] "GET /~kent/paleontology/sauropods/Angloposeidon/images/posteriorLateral.jpg HTTP/1.1" 200 277301 "https://www.google.ie/" "Mozilla/5.0 (Windows NT 6.0) AppleWebKit/537.36 (KHTML, like Gecko) Chrome/49.0.2623.112 Safari/537.36" -pct
223.181.98.67 ix.cs.uoregon.edu - [02/May/2020:12:18:12 -0700] "GET /~slabasan/vim_tips.html HTTP/1.1" 200 7727 "-" "Mozilla/5.0 (Macintosh; Intel Mac OS X 10_15_3) AppleWebKit/537.36 (KHTML, like Gecko) Chrome/81.0.4044.122 Safari/537.36" 29pct
109.77.45.176 ix.cs.uoregon.edu - [02/May/2020:12:18:45 -0700] "GET /~kent/paleontology/sauropods/Angloposeidon/images/C4-C13vs7306.png HTTP/1.1" 200 335313 "https://www.google.ie/" "Mozilla/5.0 (Windows NT 6.0) AppleWebKit/537.36 (KHTML, like Gecko) Chrome/49.0.2623.112 Safari/537.36" -pct
109.77.45.176 ix.cs.uoregon.edu - [02/May/2020:12:18:47 -0700] "GET /~kent/paleontology/sauropods/Angloposeidon/index.html HTTP/1.1" 200 1637 "-" "Mozilla/5.0 (Windows NT 6.0) AppleWebKit/537.36 (KHTML, like Gecko) Chrome/49.0.2623.112 Safari/537.36" 44pct
109.77.45.176 ix.cs.uoregon.edu - [02/May/2020:12:18:47 -0700] "GET /server-cntr?&font=GillSans&point=10&width=5&text=00FF00&bgcolor=434343 HTTP/1.1" 200 968 "https://ix.cs.uoregon.edu/~kent/paleontology/sauropods/Angloposeidon/index.html" "Mozilla/5.0 (Windows NT 6.0) AppleWebKit/537.36 (KHTML, like Gecko) Chrome/49.0.2623.112 Safari/537.36" -pct
109.77.45.176 ix.cs.uoregon.edu - [02/May/2020:12:18:47 -0700] "GET /~kent/paleontology/sauropods/Angloposeidon/images/lateralR.jpg HTTP/1.1" 200 800104 "https://ix.cs.uoregon.edu/~kent/paleontology/sauropods/Angloposeidon/index.html" "Mozilla/5.0 (Windows NT 6.0) AppleWebKit/537.36 (KHTML, like Gecko) Chrome/49.0.2623.112 Safari/537.36" -pct
109.77.45.176 ix.cs.uoregon.edu - [02/May/2020:12:18:49 -0700] "GET /favicon.ico HTTP/1.1" 200 894 "https://ix.cs.uoregon.edu/~kent/paleontology/sauropods/Angloposeidon/index.html" "Mozilla/5.0 (Windows NT 6.0) AppleWebKit/537.36 (KHTML, like Gecko) Chrome/49.0.2623.112 Safari/537.36" -pct
223.181.98.67 ix.cs.uoregon.edu - [02/May/2020:12:19:04 -0700] "-" 408 - "-" "-" -pct
178.62.81.146 ix.cs.uoregon.edu - [02/May/2020:12:27:05 -0700] "GET /~thornley/feed/ HTTP/1.1" 302 300 "-" "-" -pct
8.29.198.25 ix.cs.uoregon.edu - [02/May/2020:12:28:53 -0700] "GET /~thornley/feed HTTP/1.1" 302 299 "-" "Feedly/1.0 (+http://www.feedly.com/fetcher.html; 1 subscribers; like FeedFetcher-Google)" -pct
128.125.148.95 ix.cs.uoregon.edu - [02/May/2020:12:35:59 -0700] "GET /~jiao/papers/icdcs20.pdf HTTP/1.1" 200 424634 "https://scholar.google.com/" "Mozilla/5.0 (Macintosh; Intel Mac OS X 10_15_2) AppleWebKit/537.36 (KHTML, like Gecko) Chrome/81.0.4044.129 Safari/537.36" -pct
128.125.148.95 ix.cs.uoregon.edu - [02/May/2020:12:36:01 -0700] "GET /favicon.ico HTTP/1.1" 200 894 "https://ix.cs.uoregon.edu/~jiao/papers/icdcs20.pdf" "Mozilla/5.0 (Macintosh; Intel Mac OS X 10_15_2) AppleWebKit/537.36 (KHTML, like Gecko) Chrome/81.0.4044.129 Safari/537.36" -pct
128.125.148.95 ix.cs.uoregon.edu - [02/May/2020:12:36:19 -0700] "-" 408 - "-" "-" -pct
5.171.25.9 ix.cs.uoregon.edu - [02/May/2020:12:44:26 -0700] "GET /~michal/book/ HTTP/1.1" 200 3399 "http://didawiki.di.unipi.it/doku.php/informatica/is-a/start" "Mozilla/5.0 (Linux; Android 6.0; BTV-DL09 Build/HUAWEIBEETHOVEN-DL09; wv) AppleWebKit/537.36 (KHTML, like Gecko) Version/4.0 Chrome/55.0.2883.91 Mobile Safari/537.36" 28pct
5.171.25.9 ix.cs.uoregon.edu - [02/May/2020:12:44:26 -0700] "GET /~michal/book/pezze.css HTTP/1.1" 200 1917 "http://ix.cs.uoregon.edu/~michal/book/" "Mozilla/5.0 (Linux; Android 6.0; BTV-DL09 Build/HUAWEIBEETHOVEN-DL09; wv) AppleWebKit/537.36 (KHTML, like Gecko) Version/4.0 Chrome/55.0.2883.91 Mobile Safari/537.36" 27pct
5.171.25.9 ix.cs.uoregon.edu - [02/May/2020:12:44:26 -0700] "GET /~michal/book/images/book_cover_med.jpg HTTP/1.1" 200 13727 "http://ix.cs.uoregon.edu/~michal/book/" "Mozilla/5.0 (Linux; Android 6.0; BTV-DL09 Build/HUAWEIBEETHOVEN-DL09; wv) AppleWebKit/537.36 (KHTML, like Gecko) Version/4.0 Chrome/55.0.2883.91 Mobile Safari/537.36" -pct
5.171.25.9 ix.cs.uoregon.edu - [02/May/2020:12:44:26 -0700] "GET /favicon.ico HTTP/1.1" 200 894 "http://ix.cs.uoregon.edu/~michal/book/" "Mozilla/5.0 (Linux; Android 6.0; BTV-DL09 Build/HUAWEIBEETHOVEN-DL09; wv) AppleWebKit/537.36 (KHTML, like Gecko) Version/4.0 Chrome/55.0.2883.91 Mobile Safari/537.36" -pct
5.171.25.9 ix.cs.uoregon.edu - [02/May/2020:12:48:40 -0700] "GET /favicon.ico HTTP/1.1" 200 894 "-" "okhttp/2.5.0" -pct
216.244.66.234 ix.cs.uoregon.edu - [02/May/2020:12:48:41 -0700] "GET /robots.txt HTTP/1.1" 200 14 "-" "Mozilla/5.0 (compatible; DotBot/1.1; http://www.opensiteexplorer.org/dotbot, help@moz.com)" -pct
175.139.220.170 ix.cs.uoregon.edu - [02/May/2020:12:52:43 -0700] "GET /~nisansa/CodeSamples/puns/puns.txt HTTP/1.1" 200 40105 "-" "Mozilla/5.0 (Macintosh; Intel Mac OS X 10_11_5) AppleWebKit/537.36 (KHTML, like Gecko) Chrome/66.0.3359.181 Safari/537.36" 39pct
216.244.66.234 ix.cs.uoregon.edu - [02/May/2020:12:59:41 -0700] "GET /%7Etaisei/ HTTP/1.1" 404 1087 "-" "Mozilla/5.0 (compatible; DotBot/1.1; http://www.opensiteexplorer.org/dotbot, help@moz.com)" -pct
104.211.47.59 ix.cs.uoregon.edu - [02/May/2020:13:00:30 -0700] "GET /~michal/book/slides/pdf/PezzeYoung-Ch11-Combinatorial.pdf HTTP/1.1" 200 4855166 "https://ix.cs.uoregon.edu/~michal/book/slides/pdf/PezzeYoung-Ch11-Combinatorial.pdf" "Mozilla/5.0 (Windows NT 10.0; WOW64; Rv:50.0) Gecko/20100101 Firefox/50.0" -pct
191.102.151.152 ix.cs.uoregon.edu - [02/May/2020:13:02:33 -0700] "GET /~norris/cis330/index.cgi?n=Main.W1ex HTTP/1.0" 200 5171 "https://ix.cs.uoregon.edu/" "Mozilla/5.0 (Windows NT 6.2; WOW64) AppleWebKit/537.36 (KHTML, like Gecko) Chrome/63.0.3239.132 YaBrowser/18.1.1.839 Yowser/2.5 Safari/537.36" 21pct
191.102.151.152 ix.cs.uoregon.edu - [02/May/2020:13:02:34 -0700] "GET /~norris/cis330/index.cgi5752RoseanneLefevre58random-1-9%3%?action=edit HTTP/1.1" 400 310 "https://ix.cs.uoregon.edu/" "Mozilla/5.0 (Windows NT 6.2; WOW64) AppleWebKit/537.36 (KHTML, like Gecko) Chrome/63.0.3239.132 YaBrowser/18.1.1.839 Yowser/2.5 Safari/537.36" -pct
